Parallel Configuration Cache is an incubating feature.
Calculating task graph as no cached configuration is available for tasks: compileLawnWithQuickstepGithubDebugKotlin
Type-safe project accessors is an incubating feature.
Project accessors enabled, but root project name not explicitly set for 'walk_lawnchair'. Checking out the project in different folders will impact the generated code and implicitly the buildscript classpath, breaking caching.

> Configure project :
WARNING: The option setting 'android.r8.maxWorkers=4' is experimental.
The current default is '1'.
walk_lawnchair: 'annotationProcessor' dependencies won't be recognized as kapt annotation processors. Please change the configuration name to 'kapt' for these artifacts: 'com.github.bumptech.glide:compiler:4.16.0'.

> Task :anim:preBuild UP-TO-DATE
> Task :compatLib:preBuild UP-TO-DATE
> Task :wmshell:preBuild UP-TO-DATE
> Task :checkKotlinGradlePluginConfigurationErrors SKIPPED
> Task :hidden-api:preBuild UP-TO-DATE
> Task :log:preBuild UP-TO-DATE
> Task :shared:preBuild UP-TO-DATE
> Task :plugincore:preBuild UP-TO-DATE
> Task :preBuild UP-TO-DATE
> Task :plugin:preBuild UP-TO-DATE
> Task :compatLib:preDebugBuild UP-TO-DATE
> Task :anim:preDebugBuild UP-TO-DATE
> Task :plugin:preDebugBuild UP-TO-DATE
> Task :hidden-api:preDebugBuild UP-TO-DATE
> Task :wmshell:preDebugBuild UP-TO-DATE
> Task :log:preDebugBuild UP-TO-DATE
> Task :preLawnWithQuickstepGithubDebugBuild UP-TO-DATE
> Task :plugincore:preDebugBuild UP-TO-DATE
> Task :shared:preDebugBuild UP-TO-DATE
> Task :hidden-api:compileDebugAidl NO-SOURCE
> Task :iconloaderlib:preBuild UP-TO-DATE
> Task :flags:preBuild UP-TO-DATE
> Task :anim:extractDebugSupportedLocales UP-TO-DATE
> Task :animationlib:preBuild UP-TO-DATE
> Task :unfold:preBuild UP-TO-DATE
> Task :compatLib:extractDebugSupportedLocales UP-TO-DATE
> Task :flags:preDebugBuild UP-TO-DATE
> Task :generateLawnWithQuickstepGithubDebugResValues UP-TO-DATE
> Task :plugincore:extractDebugSupportedLocales UP-TO-DATE
> Task :unfold:preDebugBuild UP-TO-DATE
> Task :log:extractDebugSupportedLocales UP-TO-DATE
> Task :iconloaderlib:preDebugBuild UP-TO-DATE
> Task :animationlib:preDebugBuild UP-TO-DATE
> Task :flags:extractDebugSupportedLocales UP-TO-DATE
> Task :shared:extractDebugSupportedLocales UP-TO-DATE
> Task :iconloaderlib:extractDebugSupportedLocales UP-TO-DATE
> Task :searchuilib:preBuild UP-TO-DATE
> Task :animationlib:extractDebugSupportedLocales UP-TO-DATE
> Task :unfold:extractDebugSupportedLocales UP-TO-DATE
> Task :extractLawnWithQuickstepGithubDebugSupportedLocales UP-TO-DATE
> Task :searchuilib:preDebugBuild UP-TO-DATE
> Task :compatLib:compatLibVR:preBuild UP-TO-DATE
> Task :wmshell:extractDebugSupportedLocales UP-TO-DATE
> Task :viewcapture:preBuild UP-TO-DATE
> Task :compatLib:compatLibVQ:preBuild UP-TO-DATE
> Task :compatLib:compatLibVS:preBuild UP-TO-DATE
> Task :compatLib:compatLibVR:preDebugBuild UP-TO-DATE
> Task :compatLib:compatLibVS:preDebugBuild UP-TO-DATE
> Task :compatLib:compatLibVT:preBuild UP-TO-DATE
> Task :compatLib:compatLibVU:preBuild UP-TO-DATE
> Task :searchuilib:extractDebugSupportedLocales UP-TO-DATE
> Task :viewcapture:preDebugBuild UP-TO-DATE
> Task :compatLib:compatLibVU:preDebugBuild UP-TO-DATE
> Task :compatLib:compatLibVT:preDebugBuild UP-TO-DATE
> Task :compatLib:compatLibVQ:preDebugBuild UP-TO-DATE
> Task :compatLib:compatLibVS:extractDebugSupportedLocales UP-TO-DATE
> Task :compatLib:compatLibVR:extractDebugSupportedLocales UP-TO-DATE
> Task :compatLib:compatLibVV:preBuild UP-TO-DATE
> Task :viewcapture:extractDebugSupportedLocales UP-TO-DATE
> Task :compatLib:compatLibVU:extractDebugSupportedLocales UP-TO-DATE
> Task :compatLib:compatLibVQ:extractDebugSupportedLocales UP-TO-DATE
> Task :compatLib:compatLibVT:extractDebugSupportedLocales UP-TO-DATE
> Task :animationlib:generateDebugResources UP-TO-DATE
> Task :compatLib:compatLibVV:preDebugBuild UP-TO-DATE
> Task :compatLib:generateDebugResources UP-TO-DATE
> Task :compatLib:compatLibVV:extractDebugSupportedLocales UP-TO-DATE
> Task :flags:generateDebugResources UP-TO-DATE
> Task :iconloaderlib:generateDebugResources UP-TO-DATE
> Task :compatLib:packageDebugResources UP-TO-DATE
> Task :flags:packageDebugResources UP-TO-DATE
> Task :iconloaderlib:packageDebugResources UP-TO-DATE
> Task :searchuilib:generateDebugResources UP-TO-DATE
> Task :shared:generateDebugResources UP-TO-DATE
> Task :compatLib:compileDebugAidl UP-TO-DATE
> Task :log:generateDebugResources UP-TO-DATE
> Task :plugincore:generateDebugResources UP-TO-DATE
> Task :generateLawnWithQuickstepGithubDebugResources UP-TO-DATE
> Task :plugincore:compileDebugAidl NO-SOURCE
> Task :animationlib:packageDebugResources UP-TO-DATE
> Task :anim:generateDebugResources UP-TO-DATE
> Task :log:compileDebugAidl NO-SOURCE
> Task :wmshell:compileDebugAidl UP-TO-DATE
> Task :unfold:generateDebugResources UP-TO-DATE
> Task :generateLawnWithQuickstepGithubDebugLocaleConfig UP-TO-DATE
> Task :anim:compileDebugAidl NO-SOURCE
> Task :plugincore:packageDebugResources UP-TO-DATE
> Task :plugin:compileDebugAidl NO-SOURCE
> Task :log:packageDebugResources UP-TO-DATE
> Task :viewcapture:generateDebugResources UP-TO-DATE
> Task :searchuilib:packageDebugResources UP-TO-DATE
> Task :anim:packageDebugResources UP-TO-DATE
> Task :shared:packageDebugResources UP-TO-DATE
> Task :wmshell:generateDebugResources UP-TO-DATE
> Task :compatLib:compatLibVR:generateDebugResources UP-TO-DATE
> Task :compatLib:compatLibVU:generateDebugResources UP-TO-DATE
> Task :unfold:packageDebugResources UP-TO-DATE
> Task :compatLib:compatLibVT:generateDebugResources UP-TO-DATE
> Task :compatLib:compatLibVS:generateDebugResources UP-TO-DATE
> Task :viewcapture:packageDebugResources UP-TO-DATE
> Task :compatLib:compatLibVQ:generateDebugResources UP-TO-DATE
> Task :unfold:compileDebugAidl UP-TO-DATE
> Task :compatLib:compatLibVV:generateDebugResources UP-TO-DATE
> Task :compatLib:compatLibVT:packageDebugResources UP-TO-DATE
> Task :dataBindingMergeDependencyArtifactsLawnWithQuickstepGithubDebug UP-TO-DATE
> Task :wmshell:packageDebugResources UP-TO-DATE
> Task :compatLib:compatLibVR:packageDebugResources UP-TO-DATE
> Task :anim:processDebugNavigationResources UP-TO-DATE
> Task :compatLib:compatLibVU:packageDebugResources UP-TO-DATE
> Task :compatLib:compatLibVS:packageDebugResources UP-TO-DATE
> Task :flags:processDebugNavigationResources UP-TO-DATE
> Task :compatLib:processDebugNavigationResources UP-TO-DATE
> Task :animationlib:processDebugNavigationResources UP-TO-DATE
> Task :compatLib:compatLibVQ:packageDebugResources UP-TO-DATE
> Task :packageLawnWithQuickstepGithubDebugResources UP-TO-DATE
> Task :compatLib:compatLibVV:packageDebugResources UP-TO-DATE
> Task :shared:compileDebugAidl UP-TO-DATE
> Task :iconloaderlib:processDebugNavigationResources UP-TO-DATE
> Task :log:processDebugNavigationResources UP-TO-DATE
> Task :wmshell:processDebugNavigationResources UP-TO-DATE
> Task :shared:processDebugNavigationResources UP-TO-DATE
> Task :plugincore:processDebugNavigationResources UP-TO-DATE
> Task :searchuilib:processDebugNavigationResources UP-TO-DATE
> Task :viewcapture:processDebugNavigationResources UP-TO-DATE
> Task :unfold:processDebugNavigationResources UP-TO-DATE
> Task :compatLib:compatLibVS:processDebugNavigationResources UP-TO-DATE
> Task :compatLib:compatLibVU:processDebugNavigationResources UP-TO-DATE
> Task :compatLib:compatLibVT:processDebugNavigationResources UP-TO-DATE
> Task :compatLib:compatLibVQ:processDebugNavigationResources UP-TO-DATE
> Task :compatLib:compatLibVV:processDebugNavigationResources UP-TO-DATE
> Task :anim:parseDebugLocalResources UP-TO-DATE
> Task :compatLib:compatLibVR:processDebugNavigationResources UP-TO-DATE
> Task :iconloaderlib:parseDebugLocalResources UP-TO-DATE
> Task :animationlib:parseDebugLocalResources UP-TO-DATE
> Task :flags:parseDebugLocalResources UP-TO-DATE
> Task :compatLib:parseDebugLocalResources UP-TO-DATE
> Task :log:parseDebugLocalResources UP-TO-DATE
> Task :plugincore:parseDebugLocalResources UP-TO-DATE
> Task :anim:generateDebugRFile UP-TO-DATE
> Task :animationlib:generateDebugRFile UP-TO-DATE
> Task :iconloaderlib:generateDebugRFile UP-TO-DATE
> Task :searchuilib:parseDebugLocalResources UP-TO-DATE
> Task :compileLawnWithQuickstepGithubDebugAidl UP-TO-DATE
> Task :unfold:parseDebugLocalResources UP-TO-DATE
> Task :flags:generateDebugRFile UP-TO-DATE
> Task :compatLib:generateDebugRFile UP-TO-DATE
> Task :plugincore:generateDebugRFile UP-TO-DATE
> Task :log:generateDebugRFile UP-TO-DATE
> Task :shared:parseDebugLocalResources UP-TO-DATE
> Task :searchuilib:generateDebugRFile UP-TO-DATE
> Task :viewcapture:parseDebugLocalResources UP-TO-DATE
> Task :compatLib:compatLibVQ:parseDebugLocalResources UP-TO-DATE
> Task :compatLib:compatLibVR:parseDebugLocalResources UP-TO-DATE
> Task :compatLib:compatLibVT:parseDebugLocalResources UP-TO-DATE
> Task :wmshell:parseDebugLocalResources UP-TO-DATE
> Task :unfold:generateDebugRFile UP-TO-DATE
> Task :compatLib:compatLibVS:parseDebugLocalResources UP-TO-DATE
> Task :compatLib:compatLibVU:parseDebugLocalResources UP-TO-DATE
> Task :compatLib:compatLibVT:generateDebugRFile UP-TO-DATE
> Task :shared:generateDebugRFile UP-TO-DATE
> Task :compatLib:compatLibVQ:generateDebugRFile UP-TO-DATE
> Task :compatLib:compatLibVS:generateDebugRFile UP-TO-DATE
> Task :wmshell:generateDebugRFile UP-TO-DATE
> Task :anim:checkKotlinGradlePluginConfigurationErrors SKIPPED
> Task :viewcapture:generateDebugRFile UP-TO-DATE
> Task :compatLib:compatLibVR:generateDebugRFile UP-TO-DATE
> Task :protobufDummy UP-TO-DATE
> Task :compatLib:compatLibVV:parseDebugLocalResources UP-TO-DATE
> Task :animationlib:checkKotlinGradlePluginConfigurationErrors SKIPPED
> Task :processLawnWithQuickstepGithubDebugNavigationResources UP-TO-DATE
> Task :compatLib:compatLibVU:generateDebugRFile UP-TO-DATE
> Task :animationlib:javaPreCompileDebug UP-TO-DATE
> Task :generateLawnWithQuickstepGithubDebugBuildConfig UP-TO-DATE
> Task :parseLawnWithQuickstepGithubDebugLocalResources UP-TO-DATE
> Task :flags:checkKotlinGradlePluginConfigurationErrors SKIPPED
> Task :compatLib:compatLibVV:generateDebugRFile UP-TO-DATE
> Task :compatLib:javaPreCompileDebug UP-TO-DATE
> Task :compatLib:compatLibVQ:javaPreCompileDebug UP-TO-DATE
> Task :extractDebugProto UP-TO-DATE
> Task :compatLib:compatLibVS:javaPreCompileDebug UP-TO-DATE
> Task :animationlib:compileDebugKotlin NO-SOURCE
> Task :compatLib:compatLibVT:javaPreCompileDebug UP-TO-DATE
> Task :extractGithubProto UP-TO-DATE
> Task :compatLib:compatLibVR:javaPreCompileDebug UP-TO-DATE
> Task :wmshell:checkKotlinGradlePluginConfigurationErrors SKIPPED
> Task :compatLib:compatLibVU:javaPreCompileDebug UP-TO-DATE
> Task :compatLib:compatLibVV:javaPreCompileDebug UP-TO-DATE
> Task :animationlib:processDebugJavaRes NO-SOURCE
> Task :flags:javaPreCompileDebug UP-TO-DATE
> Task :anim:javaPreCompileDebug UP-TO-DATE
> Task :common:preBuild UP-TO-DATE
> Task :wmshell:javaPreCompileDebug UP-TO-DATE
> Task :common:checkKotlinGradlePluginConfigurationErrors SKIPPED
> Task :compatLib:processDebugJavaRes NO-SOURCE
> Task :mergeLawnWithQuickstepGithubDebugResources UP-TO-DATE
> Task :hidden-api:generateDebugResources UP-TO-DATE
> Task :iconloaderlib:checkKotlinGradlePluginConfigurationErrors SKIPPED
> Task :hidden-api:javaPreCompileDebug UP-TO-DATE
> Task :hidden-api:processDebugNavigationResources UP-TO-DATE
> Task :compatLib:compileDebugJavaWithJavac UP-TO-DATE
> Task :animationlib:compileDebugJavaWithJavac UP-TO-DATE
> Task :iconloaderlib:javaPreCompileDebug UP-TO-DATE
> Task :common:preDebugBuild UP-TO-DATE
> Task :compatLib:bundleLibCompileToJarDebug UP-TO-DATE
> Task :animationlib:bundleLibRuntimeToJarDebug UP-TO-DATE
> Task :log:checkKotlinGradlePluginConfigurationErrors SKIPPED
> Task :animationlib:bundleLibCompileToJarDebug UP-TO-DATE
> Task :compatLib:bundleLibRuntimeToJarDebug UP-TO-DATE
> Task :animationlib:createFullJarDebug UP-TO-DATE
> Task :common:generateDebugResources UP-TO-DATE
> Task :common:javaPreCompileDebug UP-TO-DATE
> Task :hidden-api:packageDebugResources UP-TO-DATE
> Task :common:processDebugNavigationResources UP-TO-DATE
> Task :plugincore:checkKotlinGradlePluginConfigurationErrors SKIPPED
> Task :compatLib:createFullJarDebug UP-TO-DATE
> Task :plugin:checkKotlinGradlePluginConfigurationErrors SKIPPED
> Task :hidden-api:parseDebugLocalResources UP-TO-DATE
> Task :log:javaPreCompileDebug UP-TO-DATE
> Task :plugin:generateDebugResources UP-TO-DATE
> Task :plugincore:javaPreCompileDebug UP-TO-DATE
> Task :common:packageDebugResources UP-TO-DATE
> Task :plugin:javaPreCompileDebug UP-TO-DATE
> Task :plugin:processDebugNavigationResources UP-TO-DATE
> Task :shared:checkKotlinGradlePluginConfigurationErrors SKIPPED
> Task :compatLib:compatLibVQ:compileDebugJavaWithJavac UP-TO-DATE
> Task :searchuilib:javaPreCompileDebug UP-TO-DATE
> Task :searchuilib:processDebugJavaRes NO-SOURCE
> Task :compatLib:compatLibVQ:bundleLibCompileToJarDebug UP-TO-DATE
> Task :unfold:checkKotlinGradlePluginConfigurationErrors SKIPPED
> Task :common:parseDebugLocalResources UP-TO-DATE
> Task :androidx-lib:checkKotlinGradlePluginConfigurationErrors SKIPPED
> Task :hidden-api:generateDebugRFile UP-TO-DATE
> Task :androidx-lib:preBuild UP-TO-DATE
> Task :plugin:packageDebugResources UP-TO-DATE
> Task :plugin:parseDebugLocalResources UP-TO-DATE
> Task :unfold:javaPreCompileDebug UP-TO-DATE
> Task :shared:javaPreCompileDebug UP-TO-DATE
> Task :viewcapture:checkKotlinGradlePluginConfigurationErrors SKIPPED
> Task :androidx-lib:preDebugBuild UP-TO-DATE
> Task :viewcapture:protobufDummy UP-TO-DATE
> Task :compatLib:compatLibVR:compileDebugJavaWithJavac UP-TO-DATE
> Task :searchuilib:compileDebugJavaWithJavac UP-TO-DATE
> Task :compatLib:compatLibVQ:bundleLibRuntimeToJarDebug UP-TO-DATE
> Task :iconloaderlib:compileDebugKotlin UP-TO-DATE
> Task :plugin:generateDebugRFile UP-TO-DATE
> Task :common:generateDebugRFile UP-TO-DATE
> Task :androidx-lib:javaPreCompileDebug UP-TO-DATE
> Task :hidden-api:compileDebugJavaWithJavac UP-TO-DATE
> Task :androidx-lib:generateDebugResources UP-TO-DATE
> Task :searchuilib:bundleLibRuntimeToJarDebug UP-TO-DATE
> Task :androidx-lib:processDebugNavigationResources UP-TO-DATE
> Task :compatLib:compatLibVR:bundleLibCompileToJarDebug UP-TO-DATE
> Task :hidden-api:bundleLibRuntimeToJarDebug UP-TO-DATE
> Task :viewcapture:extractDebugProto UP-TO-DATE
> Task :searchuilib:createFullJarDebug UP-TO-DATE
> Task :hidden-api:bundleLibCompileToJarDebug UP-TO-DATE
> Task :iconloaderlib:processDebugJavaRes UP-TO-DATE
> Task :hidden-api:processDebugJavaRes UP-TO-DATE
> Task :compatLib:compatLibVQ:processDebugJavaRes NO-SOURCE
> Task :compatLib:compatLibVR:processDebugJavaRes NO-SOURCE
> Task :hidden-api:createFullJarDebug UP-TO-DATE
> Task :compatLib:compatLibVR:bundleLibRuntimeToJarDebug UP-TO-DATE
> Task :compatLib:compatLibVS:compileDebugJavaWithJavac UP-TO-DATE
> Task :compatLib:compatLibVQ:createFullJarDebug UP-TO-DATE
> Task :iconloaderlib:compileDebugJavaWithJavac UP-TO-DATE
> Task :compatLib:compatLibVT:processDebugJavaRes NO-SOURCE
> Task :compatLib:compatLibVS:processDebugJavaRes NO-SOURCE
> Task :compatLib:compatLibVR:createFullJarDebug UP-TO-DATE
> Task :androidx-lib:packageDebugResources UP-TO-DATE
> Task :common:compileDebugKotlin UP-TO-DATE
> Task :compatLib:compatLibVS:bundleLibCompileToJarDebug UP-TO-DATE
> Task :compatLib:compatLibVU:processDebugJavaRes NO-SOURCE
> Task :compatLib:compatLibVS:bundleLibRuntimeToJarDebug UP-TO-DATE
> Task :iconloaderlib:bundleLibRuntimeToJarDebug UP-TO-DATE
> Task :compatLib:compatLibVS:createFullJarDebug UP-TO-DATE
> Task :androidx-lib:parseDebugLocalResources UP-TO-DATE
> Task :extractLawnWithQuickstepGithubDebugProto UP-TO-DATE
> Task :compatLib:compatLibVV:processDebugJavaRes NO-SOURCE
> Task :iconloaderlib:createFullJarDebug UP-TO-DATE
> Task :viewcapture:javaPreCompileDebug UP-TO-DATE
> Task :extractLawnWithQuickstepGithubProto UP-TO-DATE
> Task :dataBindingGenBaseClassesLawnWithQuickstepGithubDebug UP-TO-DATE
> Task :anim:writeDebugAarMetadata UP-TO-DATE
> Task :animationlib:writeDebugAarMetadata UP-TO-DATE
> Task :compatLib:writeDebugAarMetadata UP-TO-DATE
> Task :extractWithQuickstepProto UP-TO-DATE
> Task :flags:writeDebugAarMetadata UP-TO-DATE
> Task :common:processDebugJavaRes UP-TO-DATE
> Task :androidx-lib:generateDebugRFile UP-TO-DATE
> Task :compatLib:compatLibVT:compileDebugJavaWithJavac UP-TO-DATE
> Task :common:compileDebugJavaWithJavac NO-SOURCE
> Task :log:writeDebugAarMetadata UP-TO-DATE
> Task :iconloaderlib:writeDebugAarMetadata UP-TO-DATE
> Task :compatLib:compatLibVT:bundleLibCompileToJarDebug UP-TO-DATE
> Task :shared:writeDebugAarMetadata UP-TO-DATE
> Task :common:bundleLibCompileToJarDebug UP-TO-DATE
> Task :unfold:writeDebugAarMetadata UP-TO-DATE
> Task :wmshell:writeDebugAarMetadata UP-TO-DATE
> Task :plugincore:writeDebugAarMetadata UP-TO-DATE
> Task :common:bundleLibRuntimeToJarDebug UP-TO-DATE
> Task :searchuilib:writeDebugAarMetadata UP-TO-DATE
> Task :compatLib:compatLibVT:bundleLibRuntimeToJarDebug UP-TO-DATE
> Task :viewcapture:writeDebugAarMetadata UP-TO-DATE
> Task :compatLib:compatLibVQ:writeDebugAarMetadata UP-TO-DATE
> Task :compatLib:compatLibVU:writeDebugAarMetadata UP-TO-DATE
> Task :compatLib:compatLibVV:writeDebugAarMetadata UP-TO-DATE
> Task :compatLib:compatLibVR:writeDebugAarMetadata UP-TO-DATE
> Task :compatLib:compatLibVS:writeDebugAarMetadata UP-TO-DATE
> Task :compatLib:compatLibVT:writeDebugAarMetadata UP-TO-DATE
> Task :compatLib:compatLibVT:createFullJarDebug UP-TO-DATE
> Task :compileLawnWithQuickstepGithubDebugNavigationResources UP-TO-DATE
> Task :common:createFullJarDebug UP-TO-DATE
> Task :compatLib:compatLibVU:compileDebugJavaWithJavac UP-TO-DATE
> Task :compatLib:compatLibVU:bundleLibRuntimeToJarDebug UP-TO-DATE
> Task :createLawnWithQuickstepGithubDebugCompatibleScreenManifests UP-TO-DATE
> Task :compatLib:compatLibVU:bundleLibCompileToJarDebug UP-TO-DATE
> Task :extractDeepLinksLawnWithQuickstepGithubDebug UP-TO-DATE
> Task :anim:extractDeepLinksDebug UP-TO-DATE
> Task :compatLib:compatLibVU:createFullJarDebug UP-TO-DATE
> Task :animationlib:extractDeepLinksDebug UP-TO-DATE
> Task :compatLib:extractDeepLinksDebug UP-TO-DATE
> Task :anim:processDebugManifest UP-TO-DATE
> Task :flags:extractDeepLinksDebug UP-TO-DATE
> Task :iconloaderlib:extractDeepLinksDebug UP-TO-DATE
> Task :log:extractDeepLinksDebug UP-TO-DATE
> Task :animationlib:processDebugManifest UP-TO-DATE
> Task :compatLib:processDebugManifest UP-TO-DATE
> Task :compatLib:compatLibVV:compileDebugJavaWithJavac UP-TO-DATE
> Task :plugincore:extractDeepLinksDebug UP-TO-DATE
> Task :flags:processDebugManifest UP-TO-DATE
> Task :iconloaderlib:processDebugManifest UP-TO-DATE
> Task :log:processDebugManifest UP-TO-DATE
> Task :searchuilib:extractDeepLinksDebug UP-TO-DATE
> Task :compatLib:compatLibVV:bundleLibCompileToJarDebug UP-TO-DATE
> Task :shared:extractDeepLinksDebug UP-TO-DATE
> Task :mapLawnWithQuickstepGithubDebugSourceSetPaths UP-TO-DATE
> Task :plugincore:processDebugManifest UP-TO-DATE
> Task :shared:processDebugManifest UP-TO-DATE
> Task :searchuilib:processDebugManifest UP-TO-DATE
> Task :unfold:processDebugManifest UP-TO-DATE
> Task :compatLib:compatLibVV:bundleLibRuntimeToJarDebug UP-TO-DATE
> Task :unfold:extractDeepLinksDebug UP-TO-DATE
> Task :viewcapture:processDebugManifest UP-TO-DATE
> Task :wmshell:extractDeepLinksDebug UP-TO-DATE
> Task :viewcapture:extractDeepLinksDebug UP-TO-DATE
> Task :compatLib:compatLibVV:createFullJarDebug UP-TO-DATE
> Task :androidx-lib:compileDebugKotlin NO-SOURCE
> Task :plugincore:compileDebugKotlin NO-SOURCE
> Task :compatLib:compatLibVR:extractDeepLinksDebug UP-TO-DATE
> Task :wmshell:processDebugManifest UP-TO-DATE
> Task :compatLib:compatLibVQ:extractDeepLinksDebug UP-TO-DATE
> Task :checkLawnWithQuickstepGithubDebugAarMetadata UP-TO-DATE
> Task :compatLib:compatLibVQ:processDebugManifest UP-TO-DATE
> Task :plugincore:processDebugJavaRes NO-SOURCE
> Task :compatLib:compatLibVS:extractDeepLinksDebug UP-TO-DATE
> Task :compatLib:compatLibVR:processDebugManifest UP-TO-DATE
> Task :wmshell:kspDebugKotlin UP-TO-DATE
> Task :compatLib:compatLibVU:extractDeepLinksDebug UP-TO-DATE
> Task :viewcapture:extractIncludeDebugProto UP-TO-DATE
> Task :compatLib:compatLibVT:extractDeepLinksDebug UP-TO-DATE
> Task :plugincore:compileDebugJavaWithJavac UP-TO-DATE
> Task :compatLib:compatLibVS:processDebugManifest UP-TO-DATE
> Task :compatLib:compatLibVT:processDebugManifest UP-TO-DATE
> Task :compatLib:compatLibVU:processDebugManifest UP-TO-DATE
> Task :compatLib:compatLibVV:extractDeepLinksDebug UP-TO-DATE
> Task :viewcapture:generateDebugProto UP-TO-DATE
> Task :compatLib:compatLibVV:processDebugManifest UP-TO-DATE
> Task :plugincore:bundleLibCompileToJarDebug UP-TO-DATE
> Task :plugincore:bundleLibRuntimeToJarDebug UP-TO-DATE
> Task :anim:compileDebugLibraryResources UP-TO-DATE
> Task :flags:compileDebugKotlin UP-TO-DATE
> Task :androidx-lib:compileDebugJavaWithJavac UP-TO-DATE
> Task :compatLib:compileDebugLibraryResources UP-TO-DATE
> Task :androidx-lib:bundleLibCompileToJarDebug UP-TO-DATE
> Task :animationlib:compileDebugLibraryResources UP-TO-DATE
> Task :flags:processDebugJavaRes UP-TO-DATE
> Task :plugincore:createFullJarDebug UP-TO-DATE
> Task :flags:compileDebugLibraryResources UP-TO-DATE
> Task :iconloaderlib:compileDebugLibraryResources UP-TO-DATE
> Task :log:compileDebugLibraryResources UP-TO-DATE
> Task :plugincore:compileDebugLibraryResources UP-TO-DATE
> Task :shared:compileDebugLibraryResources UP-TO-DATE
> Task :unfold:compileDebugLibraryResources UP-TO-DATE
> Task :searchuilib:compileDebugLibraryResources UP-TO-DATE
> Task :viewcapture:compileDebugLibraryResources UP-TO-DATE
> Task :wmshell:compileDebugLibraryResources UP-TO-DATE
> Task :flags:compileDebugJavaWithJavac UP-TO-DATE
> Task :compatLib:compatLibVQ:compileDebugLibraryResources UP-TO-DATE
> Task :compatLib:compatLibVR:compileDebugLibraryResources UP-TO-DATE
> Task :log:compileDebugKotlin UP-TO-DATE
> Task :compatLib:compatLibVS:compileDebugLibraryResources UP-TO-DATE
> Task :flags:bundleLibCompileToJarDebug UP-TO-DATE
> Task :wmshell:compileDebugKotlin UP-TO-DATE
> Task :unfold:kspDebugKotlin UP-TO-DATE
> Task :compatLib:compatLibVU:compileDebugLibraryResources UP-TO-DATE
> Task :compatLib:compatLibVT:compileDebugLibraryResources UP-TO-DATE
> Task :compatLib:compatLibVV:compileDebugLibraryResources UP-TO-DATE
> Task :flags:bundleLibRuntimeToJarDebug UP-TO-DATE
> Task :viewcapture:compileDebugKotlin UP-TO-DATE
> Task :log:compileDebugJavaWithJavac NO-SOURCE
> Task :log:processDebugJavaRes UP-TO-DATE
> Task :flags:createFullJarDebug UP-TO-DATE
> Task :wmshell:processDebugJavaRes UP-TO-DATE
> Task :log:bundleLibCompileToJarDebug UP-TO-DATE
> Task :log:bundleLibRuntimeToJarDebug UP-TO-DATE
> Task :iconloaderlib:bundleLibCompileToJarDebug UP-TO-DATE
> Task :viewcapture:processDebugJavaRes UP-TO-DATE
> Task :searchuilib:bundleLibCompileToJarDebug UP-TO-DATE
> Task :log:createFullJarDebug UP-TO-DATE
> Task :viewcapture:compileDebugJavaWithJavac UP-TO-DATE
> Task :wmshell:compileDebugJavaWithJavac UP-TO-DATE
> Task :viewcapture:bundleLibCompileToJarDebug UP-TO-DATE
> Task :viewcapture:bundleLibRuntimeToJarDebug UP-TO-DATE
> Task :viewcapture:createFullJarDebug UP-TO-DATE
> Task :wmshell:bundleLibCompileToJarDebug UP-TO-DATE
> Task :wmshell:bundleLibRuntimeToJarDebug UP-TO-DATE
> Task :wmshell:createFullJarDebug UP-TO-DATE
> Task :processLawnWithQuickstepGithubDebugMainManifest UP-TO-DATE
> Task :unfold:compileDebugKotlin UP-TO-DATE
> Task :processLawnWithQuickstepGithubDebugManifest UP-TO-DATE
> Task :processLawnWithQuickstepGithubDebugManifestForPackage UP-TO-DATE
> Task :unfold:processDebugJavaRes UP-TO-DATE
> Task :anim:compileDebugKotlin UP-TO-DATE
> Task :unfold:compileDebugJavaWithJavac UP-TO-DATE
> Task :unfold:bundleLibCompileToJarDebug UP-TO-DATE
> Task :unfold:bundleLibRuntimeToJarDebug UP-TO-DATE
> Task :anim:processDebugJavaRes UP-TO-DATE
> Task :anim:compileDebugJavaWithJavac UP-TO-DATE
> Task :unfold:createFullJarDebug UP-TO-DATE
> Task :anim:bundleLibRuntimeToJarDebug UP-TO-DATE
> Task :anim:createFullJarDebug UP-TO-DATE
> Task :anim:bundleLibCompileToJarDebug UP-TO-DATE
> Task :processLawnWithQuickstepGithubDebugResources UP-TO-DATE
> Task :plugin:compileDebugKotlin UP-TO-DATE
> Task :plugin:processDebugJavaRes UP-TO-DATE
> Task :plugin:compileDebugJavaWithJavac UP-TO-DATE
> Task :plugin:bundleLibRuntimeToJarDebug UP-TO-DATE
> Task :plugin:bundleLibCompileToJarDebug UP-TO-DATE
> Task :plugin:createFullJarDebug UP-TO-DATE
> Task :shared:kspDebugKotlin UP-TO-DATE
> Task :shared:compileDebugKotlin UP-TO-DATE
> Task :shared:processDebugJavaRes UP-TO-DATE
> Task :shared:compileDebugJavaWithJavac UP-TO-DATE
> Task :shared:bundleLibRuntimeToJarDebug UP-TO-DATE
> Task :shared:createFullJarDebug UP-TO-DATE
> Task :shared:bundleLibCompileToJarDebug UP-TO-DATE
> Task :extractIncludeLawnWithQuickstepGithubDebugProto UP-TO-DATE
> Task :generateLawnWithQuickstepGithubDebugProto UP-TO-DATE
> Task :kaptGenerateStubsLawnWithQuickstepGithubDebugKotlin UP-TO-DATE
> Task :kaptLawnWithQuickstepGithubDebugKotlin UP-TO-DATE

> Task :compileLawnWithQuickstepGithubDebugKotlin
e: file:///Users/ryanhuen/Project/walk_lawnchair/lawnchair/src/app/lawnchair/overlay/CustomFeedAdapter.kt:120:21 Unresolved reference 'tvRingLabel'.

> Task :compileLawnWithQuickstepGithubDebugKotlin FAILED

[Incubating] Problems report is available at: file:///Users/ryanhuen/Project/walk_lawnchair/build/reports/problems/problems-report.html

FAILURE: Build failed with an exception.

* What went wrong:
Execution failed for task ':compileLawnWithQuickstepGithubDebugKotlin'.
> A failure occurred while executing org.jetbrains.kotlin.compilerRunner.GradleCompilerRunnerWithWorkers$GradleKotlinCompilerWorkAction
   > Compilation error. See log for more details

* Try:
> Run with --stacktrace option to get the stack trace.
> Run with --info or --debug option to get more log output.
> Get more help at https://help.gradle.org.

Deprecated Gradle features were used in this build, making it incompatible with Gradle 10.

You can use '--warning-mode all' to show the individual deprecation warnings and determine if they come from your own scripts or plugins.

For more on this, please refer to https://docs.gradle.org/9.2.1/userguide/command_line_interface.html#sec:command_line_warnings in the Gradle documentation.

BUILD FAILED in 5s
368 actionable tasks: 1 executed, 367 up-to-date
Configuration cache entry stored.
